// Jest Snapshot v1, https://goo.gl/fbAQLP

exports[`<VerificationLevel/> renders and matches the snapshot 1`] = `
<SettingsWrapper
  name="Verification Level"
>
  For your security, some of our services require for you to provide basic or additional levels of verification. To verify your account or to check what your current verification level is, please click below.
  <button
    className="login-btn"
  >
    VERIFY ACCOUNT
  </button>
</SettingsWrapper>
`;
