// Jest Snapshot v1, https://goo.gl/fbAQLP

exports[`<ShiftIframe/> renders with default props and matches the snapshot 1`] = `
<iframe
  allowFullScreen={false}
  frameBorder="0"
  height="100%"
  width="100%"
/>
`;
