// Jest Snapshot v1, https://goo.gl/fbAQLP

exports[`<About/> renders and matches the snapshot 1`] = `
<div>
  <div
    id="about"
  >
    <Fade
      left={true}
    >
      <div>
        <img
          className="dotglobe"
          src="images/icons/dotglobe.svg"
        />
      </div>
    </Fade>
    <Fade
      right={true}
    >
      <div
        className="about-list-content"
      >
        <h5
          className=""
        >
          About Cointrader
        </h5>
        <p>
          Aenean lacinia bibendum nulla sed consectetur. Sed posuere consectetur est at lobortis. Maecenas faucibus mollis interdum. Maecenas sed diam eget risus varius blandit sit amet non magna. Vivamus sagittis lacus vel augue laoreet rutrum faucibus dolor auctor. Vestibulum id ligula porta felis euismod semper. Donec id elit non mi porta gravida at eget metus. Aenean lacinia bibendum nulla sed consectetur. Cras justo odio, dapibus ac facilisis in, egestas eget quam.
        </p>
      </div>
    </Fade>
  </div>
  <div
    id="vision"
  >
    <Fade
      left={true}
    >
      <div
        className="about-list-content"
      >
        <h5
          className=""
        >
          About Us
        </h5>
        <p>
          Aenean lacinia bibendum nulla sed consectetur. Sed posuere consectetur est at lobortis. Maecenas faucibus mollis interdum. Maecenas sed diam eget risus varius blandit sit amet non magna. Vivamus sagittis lacus vel augue laoreet rutrum faucibus dolor auctor. Vestibulum id ligula porta felis euismod semper.
        </p>
        <h5
          className=""
        >
          Address
        </h5>
        <p>
          315 Madison Ave, 24th Floor
          <br />
          New York, NY 10017
        </p>
      </div>
    </Fade>
    <Fade
      right={true}
    >
      <div
        className=""
      >
        <img
          className="stackedsquares"
          src="images/icons/stackedsquares.svg"
        />
      </div>
    </Fade>
  </div>
</div>
`;
