// Jest Snapshot v1, https://goo.gl/fbAQLP

exports[`<Submit/> renders with default props and matches the snapshot 1`] = `
<div
  className=""
>
  <input
    className="form-field submit-button "
    disabled={false}
    onClick={[Function]}
    type="submit"
    value="Submit"
  />
</div>
`;
